ERROR: 2. 4.1 tipo incompatível
ERROR: 3. sete duplicado
ERROR: 3. 4 tipo incompatível
ERROR: 2. tipo incompatível sete
ERROR: 3. duplicado sete
ERROR: 3. tipo incompatível um
ERROR: 2. Tipo incompatível sete
ERROR: 3. duplicado sete
ERROR: 3. Tipo incompatível um
ERROR: 2. Tipo recebido incompatível:  4.1
ERROR: 3. duplicado sete
ERROR: 3. Tipo recebido incompatível:  4
ERROR: 2. Tipo recebido incompatível: 4.1
ERROR: 3. duplicado sete
ERROR: 3. Tipo recebido incompatível: 4
ERROR: 2. Tipo recebido incompatível: 4.1
ERROR: 3. Variável duplicada: sete
ERROR: 3. Tipo recebido incompatível: 4
ERROR: 2. Tipo recebido incompatível: 4.1
ERROR: 3. Variável duplicada: sete
ERROR: 3. Tipo recebido incompatível: 4
ERROR: 2. Tipo recebido incompatível: 4.1
ERROR: 3. Variável duplicada: sete
ERROR: 4. Tipo recebido incompatível: 5
ERROR: 3. Tipo recebido incompatível: 4
ERROR: 2. Tipo recebido incompatível: 4.1
ERROR: 3. Variável duplicada: sete
ERROR: 3. Tipo recebido incompatível: 4
ERROR: 2. Tipo recebido incompatível: 4.1
ERROR: 3. Variável duplicada: sete
ERROR: 4. Tipo recebido incompatível: 2
ERROR: 3. Tipo recebido incompatível: 4
ERROR: 2. Tipo recebido incompatível: 4.1
ERROR: 3. Variável duplicada: sete
ERROR: 3. Tipo recebido incompatível: 4
ERROR: 2. Tipo recebido incompatível: 4.1
ERROR: 3. Variável duplicada: sete
ERROR: 5. Tipo recebido incompatível: 2
ERROR: 3. Tipo recebido incompatível: 4
ERROR: 3. Tipo recebido incompatível: 4
ERROR: 3. Tipo recebido incompatível: 4
ERROR: 3. Tipo recebido incompatível: 4
