INFO: Entrou no método constsBlock
INFO: Entrou no método consts
INFO: Entrou no método const
INFO: Entrou no método _constAttribution
INFO: Entrou no método _attribution
INFO: Entrou no método _multipleConsts
INFO: Entrou no método _constAttribution
INFO: Entrou no método _attribution
INFO: Entrou no método _multipleConsts
INFO: Entrou no método consts
INFO: Entrou no método _variablesBlock
INFO: Entrou no método _variables
INFO: Entrou no método _variable
INFO: Entrou no método _decVariable
INFO: Entrou no método _dimensions
INFO: Entrou no método _sizeDimension
INFO: Entrou no método _dimensions
INFO: Entrou no método _multipleVariablesLine
INFO: Entrou no método _decVariable
INFO: Entrou no método _dimensions
INFO: Entrou no método _multipleVariablesLine
INFO: Entrou no método _decVariable
INFO: Entrou no método _dimensions
INFO: Entrou no método _multipleVariablesLine
INFO: Entrou no método _variables
INFO: Entrou no método _variable
INFO: Entrou no método _decVariable
INFO: Entrou no método _dimensions
INFO: Entrou no método _sizeDimension
INFO: Entrou no método _dimensions
INFO: Entrou no método _multipleVariablesLine
INFO: Entrou no método _decVariable
INFO: Entrou no método _dimensions
INFO: Entrou no método _multipleVariablesLine
INFO: Entrou no método _decVariable
INFO: Entrou no método _dimensions
INFO: Entrou no método _multipleVariablesLine
INFO: Entrou no método _decVariable
INFO: Entrou no método _dimensions
INFO: Entrou no método _multipleVariablesLine
INFO: Entrou no método _variables
INFO: Entrou no método _variable
INFO: Entrou no método _decVariable
INFO: Entrou no método _dimensions
INFO: Entrou no método _sizeDimension
INFO: Entrou no método _dimensions
INFO: Entrou no método _multipleVariablesLine
INFO: Entrou no método _decVariable
INFO: Entrou no método _dimensions
INFO: Entrou no método _multipleVariablesLine
INFO: Entrou no método _decVariable
INFO: Entrou no método _dimensions
INFO: Entrou no método _sizeDimension
INFO: Entrou no método _dimensions
INFO: Entrou no método _multipleVariablesLine
INFO: Entrou no método _variables
INFO: Entrou no método _variable
INFO: Entrou no método _decVariable
INFO: Entrou no método _dimensions
INFO: Entrou no método _sizeDimension
INFO: Entrou no método _dimensions
INFO: Entrou no método _multipleVariablesLine
INFO: Entrou no método _decVariable
INFO: Entrou no método _dimensions
INFO: Entrou no método _multipleVariablesLine
INFO: Entrou no método _decVariable
INFO: Entrou no método _dimensions
INFO: Entrou no método _sizeDimension
INFO: Entrou no método _dimensions
INFO: Entrou no método _multipleVariablesLine
INFO: Entrou no método _variables
INFO: Entrou no método _variable
INFO: Entrou no método _decVariable
INFO: Entrou no método _dimensions
INFO: Entrou no método _sizeDimension
INFO: Entrou no método _dimensions
INFO: Entrou no método _multipleVariablesLine
INFO: Entrou no método _decVariable
INFO: Entrou no método _dimensions
INFO: Entrou no método _multipleVariablesLine
INFO: Entrou no método _decVariable
INFO: Entrou no método _dimensions
INFO: Entrou no método _sizeDimension
INFO: Entrou no método _dimensions
INFO: Entrou no método _multipleVariablesLine
INFO: Entrou no método _variables
INFO: Entrou no método _variable
INFO: Entrou no método _decVariable
INFO: Entrou no método _dimensions
INFO: Entrou no método _sizeDimension
INFO: Entrou no método _dimensions
INFO: Entrou no método _multipleVariablesLine
INFO: Entrou no método _decVariable
INFO: Entrou no método _dimensions
INFO: Entrou no método _multipleVariablesLine
INFO: Entrou no método _decVariable
INFO: Entrou no método _dimensions
INFO: Entrou no método _sizeDimension
INFO: Entrou no método _dimensions
INFO: Entrou no método _multipleVariablesLine
INFO: Entrou no método _variables
INFO: Entrou no método _main
INFO: Entrou no método _initMain
INFO: Entrou no método _bodyBlocks
INFO: Entrou no método _variablesBlock
INFO: Entrou no método _variables
INFO: Entrou no método _variable
INFO: Entrou no método _decVariable
INFO: Entrou no método _dimensions
INFO: Entrou no método _multipleVariablesLine
INFO: Entrou no método _variables
INFO: Entrou no método _objectsBlock
INFO: Entrou no método _mainMethods

############ Final de uma execução ############

INFO: Entrou no método constsBlock
INFO: Entrou no método consts
INFO: Entrou no método const
INFO: Entrou no método _constAttribution
INFO: Entrou no método _attribution
INFO: Entrou no método _multipleConsts
INFO: Entrou no método _constAttribution
INFO: Entrou no método _attribution
INFO: Entrou no método _multipleConsts
INFO: Entrou no método consts
INFO: Entrou no método _variablesBlock
INFO: Entrou no método _variables
INFO: Entrou no método _variable
INFO: Entrou no método _decVariable
INFO: Entrou no método _dimensions
INFO: Entrou no método _sizeDimension
INFO: Entrou no método _dimensions
INFO: Entrou no método _multipleVariablesLine
INFO: Entrou no método _decVariable
INFO: Entrou no método _dimensions
INFO: Entrou no método _multipleVariablesLine
INFO: Entrou no método _decVariable
INFO: Entrou no método _dimensions
INFO: Entrou no método _multipleVariablesLine
INFO: Entrou no método _variables
INFO: Entrou no método _variable
INFO: Entrou no método _decVariable
INFO: Entrou no método _dimensions
INFO: Entrou no método _sizeDimension
INFO: Entrou no método _dimensions
INFO: Entrou no método _multipleVariablesLine
INFO: Entrou no método _decVariable
INFO: Entrou no método _dimensions
INFO: Entrou no método _multipleVariablesLine
INFO: Entrou no método _decVariable
INFO: Entrou no método _dimensions
INFO: Entrou no método _multipleVariablesLine
INFO: Entrou no método _decVariable
INFO: Entrou no método _dimensions
INFO: Entrou no método _multipleVariablesLine
INFO: Entrou no método _decVariable
INFO: Entrou no método _dimensions
INFO: Entrou no método _sizeDimension
INFO: Entrou no método _dimensions
INFO: Entrou no método _multipleVariablesLine
INFO: Entrou no método _decVariable
INFO: Entrou no método _dimensions
INFO: Entrou no método _multipleVariablesLine
INFO: Entrou no método _decVariable
INFO: Entrou no método _dimensions
INFO: Entrou no método _sizeDimension
INFO: Entrou no método _dimensions
INFO: Entrou no método _multipleVariablesLine
INFO: Entrou no método _decVariable
INFO: Entrou no método _dimensions
INFO: Entrou no método _sizeDimension
INFO: Entrou no método _dimensions
INFO: Entrou no método _multipleVariablesLine
INFO: Entrou no método _decVariable
INFO: Entrou no método _dimensions
INFO: Entrou no método _multipleVariablesLine
INFO: Entrou no método _decVariable
INFO: Entrou no método _dimensions
INFO: Entrou no método _sizeDimension
INFO: Entrou no método _dimensions
INFO: Entrou no método _multipleVariablesLine
INFO: Entrou no método _variables
INFO: Entrou no método _variable
INFO: Entrou no método _decVariable
INFO: Entrou no método _dimensions
INFO: Entrou no método _sizeDimension
INFO: Entrou no método _dimensions
INFO: Entrou no método _multipleVariablesLine
INFO: Entrou no método _decVariable
INFO: Entrou no método _dimensions
INFO: Entrou no método _multipleVariablesLine
INFO: Entrou no método _decVariable
INFO: Entrou no método _dimensions
INFO: Entrou no método _sizeDimension
INFO: Entrou no método _dimensions
INFO: Entrou no método _multipleVariablesLine
INFO: Entrou no método _variables
INFO: Entrou no método _variable
INFO: Entrou no método _decVariable
INFO: Entrou no método _dimensions
INFO: Entrou no método _sizeDimension
INFO: Entrou no método _dimensions
INFO: Entrou no método _multipleVariablesLine
INFO: Entrou no método _decVariable
INFO: Entrou no método _dimensions
INFO: Entrou no método _multipleVariablesLine
INFO: Entrou no método _decVariable
INFO: Entrou no método _dimensions
INFO: Entrou no método _sizeDimension
INFO: Entrou no método _dimensions
INFO: Entrou no método _multipleVariablesLine
INFO: Entrou no método _decVariable
INFO: Entrou no método _dimensions
INFO: Entrou no método _multipleVariablesLine
INFO: Entrou no método _decVariable
INFO: Entrou no método _dimensions
INFO: Entrou no método _multipleVariablesLine
INFO: Entrou no método _decVariable
INFO: Entrou no método _dimensions
INFO: Entrou no método _multipleVariablesLine
INFO: Entrou no método _decVariable
INFO: Entrou no método _dimensions
INFO: Entrou no método _multipleVariablesLine
INFO: Entrou no método _variables
INFO: Entrou no método _main
INFO: Entrou no método _initMain
INFO: Entrou no método _bodyBlocks
INFO: Entrou no método _variablesBlock
INFO: Entrou no método _variables
INFO: Entrou no método _objectsBlock
INFO: Entrou no método _mainMethods

############ Final de uma execução ############

